// Jest Snapshot v1, https://goo.gl/fbAQLP

exports[`renders correctly 1`] = `
<div>
  <h1>
    Hola, Will Shakes
  </h1>
  <button
    className="c-button"
    onClick={[Function]}
    type="button"
  >
    Logout
  </button>
</div>
`;
